Microchip MPLAB XC8 Compiler V3.10

Linker command line:

-W-3 --edf=D:\App\mplab\pic\dat\20250813170317_en.msgs -cn \
  -h+dist/default/production\park.X.production.sym \
  --cmf=dist/default/production\park.X.production.cmf -z -Q16F877A \
  -oC:\Users\Admin\AppData\Local\Temp\xcAs1wk.0\driver_tmp_3.o \
  --defsym=__MPLAB_BUILD=1 --fixupoverflow=error \
  -Mdist/default/production/park.X.production.map \
  --md=C:\Users\Admin\AppData\Local\Temp\xcAs1wk.0\driver_tmp_0.dat -E1 \
  -ver=XC8 Compiler -ACODE=00h-07FFhx4 -ASTRCODE=00h-01FFFh \
  -ASTRING=00h-0FFhx32 -ACONST=00h-0FFhx32 -AENTRY=00h-0FFhx32 \
  -ACOMMON=070h-07Fh -ABANK0=020h-06Fh -ABANK1=0A0h-0EFh \
  -ABANK2=0110h-016Fh -ABANK3=0190h-01EFh \
  -ARAM=020h-06Fh,0A0h-0EFh,0110h-016Fh,0190h-01EFh \
  -AABS1=020h-07Fh,0A0h-0EFh,0110h-016Fh,0190h-01EFh -ASFR0=00h-01Fh \
  -ASFR1=080h-09Fh -ASFR2=0100h-010Fh -ASFR3=0180h-018Fh \
  -ACONFIG=02007h-02007h -DCONFIG=2 -AIDLOC=02000h-02003h -DIDLOC=2 \
  -AEEDATA=00h-0FFh/02100h -peeprom_data=EEDATA -DEEDATA=2 -DCODE=2 \
  -DSTRCODE=2 -DSTRING=2 -DCONST=2 -DENTRY=2 \
  -preset_vec=00h,intentry=04h,sivt,init,end_init -ppowerup=CODE \
  -pcinit=CODE -pfunctab=ENTRY -k \
  C:\Users\Admin\AppData\Local\Temp\xcAs1wk.0\driver_tmp_17.o \
  dist/default/production\park.X.production.o 

Object code version is 3.11

Machine type is 16F877A



                Name                               Link     Load   Length Selector   Space Scale
C:\Users\Admin\AppData\Local\Temp\xcAs1wk.0\driver_tmp_17.o
                end_init                              C        C        3        8       0
                reset_vec                             0        0        3        0       0
                config                             2007     2007        1        0       4
dist/default/production\park.X.production.o
                cinit                                 F        F       1A        8       0
                intentry                              4        4        8        8       0
                config                             2007     2007        1        0       4
                text33                              BF8      BF8       27     17F0       0
                text32                              B21      B21        4     1642       0
                text31                              BDE      BDE       1A     17BC       0
                text30                              B2F      B2F        6     165E       0
                text29                              B43      B43        8     1686       0
                text28                              D2D      D2D       4C     1A5A       0
                text27                               29       29      20C        8       0
                text26                              B25      B25        5     164A       0
                text25                              F33      F33       CD     1E66       0
                text24                              DDB      DDB       66     1BB6       0
                text23                              CBA      CBA       39     1974       0
                text22                              575      575       FF        8       0
                text21                              D79      D79       62     1AF2       0
                text20                              235      235      1E6        8       0
                text19                              EB5      EB5       7E     1D6A       0
                text18                              C4D      C4D       36     189A       0
                text17                              E41      E41       74     1C82       0
                text16                              B53      B53        9     16A6       0
                text15                              C83      C83       37     1906       0
                text14                              CF3      CF3       3A     19E6       0
                text13                              41B      41B      15A        8       0
                text12                              C1F      C1F       2E     183E       0
                text11                              767      767       96        8       0
                text10                              B2A      B2A        5     1654       0
                text9                               B5C      B5C        9     16B8       0
                text8                               B65      B65        9     16CA       0
                text7                               B7A      B7A       19     16F4       0
                text6                               B35      B35        7     166A       0
                text5                               B93      B93       19     1726       0
                text4                               BAC      BAC       19     1758       0
                text3                               B3C      B3C        7     1678       0
                text2                               BC5      BC5       19     178A       0
                text1                               B6E      B6E        C     16DC       0
                maintext                            674      674       F3        8       0
                cstackBANK0                          20       20       4F       20       1
                cstackCOMMON                         70       70        B       70       1
                cstackBANK1                          C9       C9       15       A0       1
                clrtext                             B4B      B4B        8     1696       0
                bssBANK3                            190      190       20      190       1
                bssBANK1                             A0       A0       29       A0       1
                bssBANK0                             6F       6F        1       20       1
                bssCOMMON                            7B       7B        1       70       1
                strings                             800      800       1A     1000       0

TOTAL           Name                               Link     Load   Length     Space
        CLASS   CODE           
                end_init                              C        C        3         0
                cinit                                 F        F       1A         0
                intentry                              4        4        8         0
                reset_vec                             0        0        3         0
                text33                              BF8      BF8       27         0
                text32                              B21      B21        4         0
                text31                              BDE      BDE       1A         0
                text30                              B2F      B2F        6         0
                text29                              B43      B43        8         0
                text28                              D2D      D2D       4C         0
                text27                               29       29      20C         0
                text26                              B25      B25        5         0
                text25                              F33      F33       CD         0
                text24                              DDB      DDB       66         0
                text23                              CBA      CBA       39         0
                text22                              575      575       FF         0
                text21                              D79      D79       62         0
                text20                              235      235      1E6         0
                text19                              EB5      EB5       7E         0
                text18                              C4D      C4D       36         0
                text17                              E41      E41       74         0
                text16                              B53      B53        9         0
                text15                              C83      C83       37         0
                text14                              CF3      CF3       3A         0
                text13                              41B      41B      15A         0
                text12                              C1F      C1F       2E         0
                text11                              767      767       96         0
                text10                              B2A      B2A        5         0
                text9                               B5C      B5C        9         0
                text8                               B65      B65        9         0
                text7                               B7A      B7A       19         0
                text6                               B35      B35        7         0
                text5                               B93      B93       19         0
                text4                               BAC      BAC       19         0
                text3                               B3C      B3C        7         0
                text2                               BC5      BC5       19         0
                text1                               B6E      B6E        C         0
                maintext                            674      674       F3         0
                clrtext                             B4B      B4B        8         0

        CLASS   STRCODE        

        CLASS   STRING         
                strings                             800      800       1A         0

        CLASS   CONST          

        CLASS   ENTRY          

        CLASS   COMMON         
                cstackCOMMON                         70       70        B         1
                bssCOMMON                            7B       7B        1         1

        CLASS   BANK0          
                cstackBANK0                          20       20       4F         1
                bssBANK0                             6F       6F        1         1

        CLASS   BANK1          
                cstackBANK1                          C9       C9       15         1
                bssBANK1                             A0       A0       29         1

        CLASS   BANK2          

        CLASS   BANK3          
                bssBANK3                            190      190       20         1

        CLASS   RAM            

        CLASS   ABS1           
                abs_s1                               7E       7E        2         1

        CLASS   SFR0           

        CLASS   SFR1           

        CLASS   SFR2           

        CLASS   SFR3           

        CLASS   CONFIG         
                config                             2007     2007        1         4

        CLASS   IDLOC          

        CLASS   EEDATA         

        CLASS   HEAP           

        CLASS   STACK          



SEGMENTS        Name                           Load    Length   Top    Selector   Space  Class     Delta

                reset_vec                      000000  000003  000003         0       0  CODE        2
                intentry                       000004  0007F9  0007FD         8       0  CODE        2
                cstackBANK0                    000020  000050  000070        20       1  BANK0       1
                cstackCOMMON                   000070  00000C  00007C        70       1  COMMON      1
                bssBANK1                       0000A0  00003E  0000DE        A0       1  BANK1       1
                bssBANK3                       000190  000020  0001B0       190       1  BANK3       1
                strings                        000800  00001A  00081A      1000       0  STRING      2
                text32                         000B21  000004  000B25      1642       0  CODE        2
                text26                         000B25  000005  000B2A      164A       0  CODE        2
                text10                         000B2A  000005  000B2F      1654       0  CODE        2
                text30                         000B2F  000006  000B35      165E       0  CODE        2
                text6                          000B35  000007  000B3C      166A       0  CODE        2
                text3                          000B3C  000007  000B43      1678       0  CODE        2
                text29                         000B43  000008  000B4B      1686       0  CODE        2
                clrtext                        000B4B  000008  000B53      1696       0  CODE        2
                text16                         000B53  000009  000B5C      16A6       0  CODE        2
                text9                          000B5C  000009  000B65      16B8       0  CODE        2
                text8                          000B65  000009  000B6E      16CA       0  CODE        2
                text1                          000B6E  00000C  000B7A      16DC       0  CODE        2
                text7                          000B7A  000019  000B93      16F4       0  CODE        2
                text5                          000B93  000019  000BAC      1726       0  CODE        2
                text4                          000BAC  000019  000BC5      1758       0  CODE        2
                text2                          000BC5  000019  000BDE      178A       0  CODE        2
                text31                         000BDE  00001A  000BF8      17BC       0  CODE        2
                text33                         000BF8  000027  000C1F      17F0       0  CODE        2
                text12                         000C1F  00002E  000C4D      183E       0  CODE        2
                text18                         000C4D  000036  000C83      189A       0  CODE        2
                text15                         000C83  000037  000CBA      1906       0  CODE        2
                text23                         000CBA  000039  000CF3      1974       0  CODE        2
                text14                         000CF3  00003A  000D2D      19E6       0  CODE        2
                text28                         000D2D  00004C  000D79      1A5A       0  CODE        2
                text21                         000D79  000062  000DDB      1AF2       0  CODE        2
                text24                         000DDB  000066  000E41      1BB6       0  CODE        2
                text17                         000E41  000074  000EB5      1C82       0  CODE        2
                text19                         000EB5  00007E  000F33      1D6A       0  CODE        2
                text25                         000F33  0000CD  001000      1E66       0  CODE        2


UNUSED ADDRESS RANGES

        Name                Unused          Largest block    Delta
        BANK1            00DE-00EF             12           1
        BANK2            0110-016F             60           1
        BANK3            01B0-01EF             40           1
        CODE             0003-0003              1           2
                         07FD-07FF              3
                         081A-0B20            307
                         1000-1FFF            800
        COMMON           007C-007D              2           1
        CONST            0003-0003              1           2
                         07FD-07FF              3
                         081A-0B20            100
                         1000-1FFF            100
        EEDATA           2100-21FF            100           2
        ENTRY            0003-0003              1           2
                         07FD-07FF              3
                         081A-0B20            100
                         1000-1FFF            100
        IDLOC            2000-2003              4           2
        RAM              00DE-00EF             12           1
                         0110-016F             60
                         01B0-01EF             40
        SFR0             0000-001F             20           1
        SFR1             0080-009F             20           1
        SFR2             0100-010F             10           1
        SFR3             0180-018F             10           1
        STRCODE          0003-0003              1           2
                         07FD-07FF              3
                         081A-0B20            307
                         1000-1FFF           1000
        STRING           0003-0003              1           2
                         07FD-07FF              3
                         081A-0B20            100
                         1000-1FFF            100

                                  Symbol Table

?___lmul                     cstackCOMMON 0072
?___strtoxl                  cstackBANK0  0024
?_atou                       cstackBANK0  0040
?_fgetc                      cstackCOMMON 0074
?_getch                      cstackCOMMON 0072
?_sscanf                     cstackBANK0  0065
?_strncmp                    cstackCOMMON 0072
?_vfscanf                    cstackBANK0  005C
?_vfsfcnvrt                  cstackBANK0  004C
ESP32_UART_Update@c          cstackBANK1  00D7
ESP32_UART_Update@s1         cstackBANK1  00D8
ESP32_UART_Update@s2         cstackBANK1  00D9
ESP32_UART_Update@s3         cstackBANK1  00DA
ESP32_UART_Update@s4         cstackBANK1  00DB
RFID_CheckCard@backBits      cstackBANK0  003A
RFID_CheckCard@buffer        cstackBANK0  0036
RFID_CheckCard@status        cstackBANK0  0038
RFID_Read@addr               cstackCOMMON 0073
RFID_Read@address            cstackCOMMON 0074
RFID_Read@data               cstackCOMMON 0075
RFID_Read@i                  cstackCOMMON 0076
RFID_Read@i_140              cstackCOMMON 0077
RFID_ToCard@backData         cstackBANK0  0026
RFID_ToCard@backLen          cstackBANK0  0027
RFID_ToCard@command          cstackBANK0  0032
RFID_ToCard@i                cstackBANK0  0034
RFID_ToCard@irqEn            cstackBANK0  002F
RFID_ToCard@lastBits         cstackBANK0  0031
RFID_ToCard@n                cstackBANK0  0033
RFID_ToCard@sendData         cstackBANK0  0024
RFID_ToCard@sendLen          cstackBANK0  0025
RFID_ToCard@status           cstackBANK0  002E
RFID_ToCard@waitIRq          cstackBANK0  0030
RFID_Write@addr              cstackBANK0  0020
RFID_Write@address           cstackBANK0  0021
RFID_Write@data              cstackCOMMON 0078
RFID_Write@i                 cstackBANK0  0022
RFID_Write@i_134             cstackBANK0  0023
_BRGH                        (abs)        04C2
_CREN                        (abs)        00C4
_ESP32_AllFull               text32       0B21
_ESP32_UART_Init             text31       0BDE
_ESP32_UART_Update           text17       0E41
_INTCONbits                  (abs)        000B
_ISR                         text33       0BF8
_Interrupts_Init             text16       0B53
_PIE1bits                    (abs)        008C
_PIR1bits                    (abs)        000C
_PORTAbits                   (abs)        0005
_PORTBbits                   (abs)        0006
_PORTCbits                   (abs)        0007
_RCIF                        (abs)        0065
_RCREG                       (abs)        001A
_RFID_CheckCard              text12       0C1F
_RFID_CheckCard$172          cstackBANK0  0039
_RFID_Init                   text11       0767
_RFID_Read                   text15       0C83
_RFID_ToCard                 text13       041B
_RFID_Write                  text14       0CF3
_SPBRG                       (abs)        0099
_SPEN                        (abs)        00C7
_SYNC                        (abs)        04C4
_Sensor_Init                 text10       0B2A
_Sensor_ReadIR               text9        0B5C
_Sensor_ReadObstacle         text8        0B65
_Servo1_Close                text7        0B7A
_Servo1_Init                 text6        0B35
_Servo1_Open                 text5        0B93
_Servo2_Close                text4        0BAC
_Servo2_Init                 text3        0B3C
_Servo2_Open                 text2        0BC5
_T1CONbits                   (abs)        0010
_TMR1H                       (abs)        000F
_TMR1L                       (abs)        000E
_TRISAbits                   (abs)        0085
_TRISB                       (abs)        0086
_TRISBbits                   (abs)        0086
_TRISC6                      (abs)        043E
_TRISC7                      (abs)        043F
_TRISCbits                   (abs)        0087
_TRISD                       (abs)        0088
_TXEN                        (abs)        04C5
_Timer1_Init                 text1        0B6E
_UART_DataReady              text30       0B2F
_UART_Read                   text29       0B43
__H__absolute__              __absolute__ 0000
__Habs1                      abs1         0000
__Hbank0                     bank0        0000
__Hbank1                     bank1        0000
__Hbank2                     bank2        0000
__Hbank3                     bank3        0000
__HbssBANK0                  bssBANK0     0000
__HbssBANK1                  bssBANK1     0000
__HbssBANK3                  bssBANK3     0000
__HbssCOMMON                 bssCOMMON    0000
__Hcinit                     cinit        0029
__Hclrtext                   clrtext      0000
__Hcode                      code         0000
__Hcommon                    common       0000
__Hconfig                    config       2008
__HcstackBANK0               cstackBANK0  0000
__HcstackBANK1               cstackBANK1  0000
__HcstackCOMMON              cstackCOMMON 0000
__Heeprom_data               eeprom_data  0000
__Hend_init                  end_init     000F
__Hfunctab                   functab      0000
__Hheap                      heap         0000
__Hinit                      init         000C
__Hintentry                  intentry     000C
__Hmaintext                  maintext     0000
__Hpowerup                   powerup      0000
__Hram                       ram          0000
__Hreset_vec                 reset_vec    0003
__Hsfr0                      sfr0         0000
__Hsfr1                      sfr1         0000
__Hsfr2                      sfr2         0000
__Hsfr3                      sfr3         0000
__Hsivt                      sivt         000C
__Hspace_0                   (abs)        1000
__Hspace_1                   (abs)        01B0
__Hspace_2                   (abs)        0000
__Hspace_3                   (abs)        0000
__Hspace_4                   (abs)        400F
__Hstack                     stack        0000
__Hstrings                   strings      0000
__Htext                      text         0000
__L__absolute__              __absolute__ 0000
__Labs1                      abs1         0000
__Lbank0                     bank0        0000
__Lbank1                     bank1        0000
__Lbank2                     bank2        0000
__Lbank3                     bank3        0000
__LbssBANK0                  bssBANK0     0000
__LbssBANK1                  bssBANK1     0000
__LbssBANK3                  bssBANK3     0000
__LbssCOMMON                 bssCOMMON    0000
__Lcinit                     cinit        000F
__Lclrtext                   clrtext      0000
__Lcode                      code         0000
__Lcommon                    common       0000
__Lconfig                    config       0000
__LcstackBANK0               cstackBANK0  0000
__LcstackBANK1               cstackBANK1  0000
__LcstackCOMMON              cstackCOMMON 0000
__Leeprom_data               eeprom_data  0000
__Lend_init                  end_init     000C
__Lfunctab                   functab      0000
__Lheap                      heap         0000
__Linit                      init         000C
__Lintentry                  intentry     0004
__Lmaintext                  maintext     0000
__Lpowerup                   powerup      0000
__Lram                       ram          0000
__Lreset_vec                 reset_vec    0000
__Lsfr0                      sfr0         0000
__Lsfr1                      sfr1         0000
__Lsfr2                      sfr2         0000
__Lsfr3                      sfr3         0000
__Lsivt                      sivt         000C
__Lspace_0                   (abs)        0000
__Lspace_1                   (abs)        0000
__Lspace_2                   (abs)        0000
__Lspace_3                   (abs)        0000
__Lspace_4                   (abs)        0000
__Lstack                     stack        0000
__Lstrings                   strings      0000
__Ltext                      text         0000
__S0                         (abs)        1000
__S1                         (abs)        01B0
__S3                         (abs)        0000
___heap_hi                   (abs)        0000
___heap_lo                   (abs)        0000
___int_sp                    stack        0000
___int_stack_hi              stack        0000
___int_stack_lo              stack        0000
___latbits                   (abs)        0002
___lmul                      text28       0D2D
___lmul@multiplicand         cstackCOMMON 0076
___lmul@multiplier           cstackCOMMON 0072
___lmul@product              cstackBANK0  0020
___sp                        stack        0000
___stack_hi                  stack        0000
___stack_lo                  stack        0000
___stackhi                   (abs)        0000
___stacklo                   (abs)        0000
___strtoxl                   text27       0029
___strtoxl$1100              cstackBANK0  0031
___strtoxl$1101              cstackBANK0  0033
___strtoxl@a                 cstackBANK0  003A
___strtoxl@base              cstackBANK0  0026
___strtoxl@c                 cstackBANK0  003F
___strtoxl@cp                cstackBANK0  003E
___strtoxl@endptr            cstackBANK0  0025
___strtoxl@flags             cstackBANK0  0039
___strtoxl@is_signed         cstackBANK0  0028
___strtoxl@limit             cstackBANK0  0035
___strtoxl@prev_a            cstackBANK0  002D
___strtoxl@s                 cstackBANK0  0024
___ungetbuf                  bssBANK1     00A0
___ungetcnt                  bssCOMMON    007B
__end_of_ESP32_AllFull       text32       0B25
__end_of_ESP32_UART_Init     text31       0BF8
__end_of_ESP32_UART_Update   text17       0EB5
__end_of_ISR                 text33       0C1F
__end_of_Interrupts_Init     text16       0B5C
__end_of_RFID_CheckCard      text12       0C4D
__end_of_RFID_Init           text11       07FD
__end_of_RFID_Read           text15       0CBA
__end_of_RFID_ToCard         text13       0575
__end_of_RFID_Write          text14       0D2D
__end_of_Sensor_Init         text10       0B2F
__end_of_Sensor_ReadIR       text9        0B65
__end_of_Sensor_ReadObstacle text8        0B6E
__end_of_Servo1_Close        text7        0B93
__end_of_Servo1_Init         text6        0B3C
__end_of_Servo1_Open         text5        0BAC
__end_of_Servo2_Close        text4        0BC5
__end_of_Servo2_Init         text3        0B43
__end_of_Servo2_Open         text2        0BDE
__end_of_Timer1_Init         text1        0B7A
__end_of_UART_DataReady      text30       0B35
__end_of_UART_Read           text29       0B4B
__end_of___lmul              text28       0D79
__end_of___strtoxl           text27       0235
__end_of__initialization     cinit        0025
__end_of__stringtab          strings      0806
__end_of_atou                text22       0674
__end_of_fgetc               text25       1000
__end_of_getch               text26       0B2A
__end_of_main                maintext     0767
__end_of_skipws              text23       0CF3
__end_of_sscanf              text18       0C83
__end_of_strncmp             text21       0DDB
__end_of_ungetc              text24       0E41
__end_of_vfscanf             text19       0F33
__end_of_vfsfcnvrt           text20       041B
__initialization             cinit        000F
__pbssBANK0                  bssBANK0     006F
__pbssBANK1                  bssBANK1     00A0
__pbssBANK3                  bssBANK3     0190
__pbssCOMMON                 bssCOMMON    007B
__pcstackBANK0               cstackBANK0  0020
__pcstackBANK1               cstackBANK1  00C9
__pcstackCOMMON              cstackCOMMON 0070
__pintentry                  intentry     0004
__pmaintext                  maintext     0674
__pstrings                   strings      0800
__ptext1                     text1        0B6E
__ptext10                    text10       0B2A
__ptext11                    text11       0767
__ptext12                    text12       0C1F
__ptext13                    text13       041B
__ptext14                    text14       0CF3
__ptext15                    text15       0C83
__ptext16                    text16       0B53
__ptext17                    text17       0E41
__ptext18                    text18       0C4D
__ptext19                    text19       0EB5
__ptext2                     text2        0BC5
__ptext20                    text20       0235
__ptext21                    text21       0D79
__ptext22                    text22       0575
__ptext23                    text23       0CBA
__ptext24                    text24       0DDB
__ptext25                    text25       0F33
__ptext26                    text26       0B25
__ptext27                    text27       0029
__ptext28                    text28       0D2D
__ptext29                    text29       0B43
__ptext3                     text3        0B3C
__ptext30                    text30       0B2F
__ptext31                    text31       0BDE
__ptext32                    text32       0B21
__ptext33                    text33       0BF8
__ptext4                     text4        0BAC
__ptext5                     text5        0B93
__ptext6                     text6        0B35
__ptext7                     text7        0B7A
__ptext8                     text8        0B65
__ptext9                     text9        0B5C
__stringbase                 strings      0805
__stringtab                  strings      0800
_all_full                    bssBANK1     00B0
_asup                        bssBANK0     006F
_atou                        text22       0575
_buffer                      bssBANK1     00B5
_count                       bssBANK1     00AB
_dbuf                        bssBANK3     0190
_errno                       bssBANK1     00A9
_fgetc                       text25       0F33
_getch                       text26       0B25
_idx                         bssBANK1     00AF
_main                        maintext     0674
_ncnv                        bssBANK1     00A5
_nmatch                      bssBANK1     00A3
_servo1_delay_ticks          bssBANK1     00AD
_servo1_open                 bssBANK1     00B3
_servo2_delay_ticks          bssBANK1     00B4
_servo2_open                 bssBANK1     00B2
_servo2_waiting              bssBANK1     00B1
_skipws                      text23       0CBA
_sscanf                      text18       0C4D
_strncmp                     text21       0D79
_ungetc                      text24       0DDB
_vfscanf                     text19       0EB5
_vfsfcnvrt                   text20       0235
_width                       bssBANK1     00A7
atou@c                       cstackBANK0  004A
atou@ep                      cstackBANK0  0047
atou@fp                      cstackBANK0  0040
atou@i                       cstackBANK0  0048
atou@pll                     cstackBANK0  0042
atou@w                       cstackBANK0  0045
btemp                        (abs)        007E
btemp0                       (abs)        007E
btemp1                       (abs)        007F
clear_ram0                   clrtext      0B4B
end_of_initialization        cinit        0025
fgetc@c                      cstackCOMMON 0076
fgetc@fp                     cstackCOMMON 0074
interrupt_function           intentry     0004
intlevel0                    functab      0000
intlevel1                    functab      0000
intlevel2                    functab      0000
intlevel3                    functab      0000
intlevel4                    functab      0000
intlevel5                    functab      0000
ltemp0a                      (abs)        0080
main@cardFound               cstackBANK1  00DC
main@object_detected         cstackBANK1  00DD
reset_vec                    reset_vec    0000
saved_w                      (abs)        007E
skipws@c                     cstackBANK0  002C
skipws@fp                    cstackBANK0  002A
sscanf@ap                    cstackBANK1  00CB
sscanf@f                     cstackBANK1  00CC
sscanf@fmt                   cstackBANK0  0066
sscanf@ret                   cstackBANK1  00C9
sscanf@s                     cstackBANK0  0065
start                        init         000C
start_initialization         cinit        000F
strncmp@l                    cstackCOMMON 0072
strncmp@n                    cstackCOMMON 0074
strncmp@r                    cstackCOMMON 0073
ttemp0a                      (abs)        007F
ungetc@c                     cstackCOMMON 0072
ungetc@fp                    cstackCOMMON 0074
vfscanf@ap                   cstackBANK0  005F
vfscanf@cfmt                 cstackBANK0  0064
vfscanf@fmt                  cstackBANK0  005E
vfscanf@fp                   cstackBANK0  005C
vfscanf@n                    cstackBANK0  0062
vfscanf@saved_errno          cstackBANK0  0060
vfsfcnvrt@ap                 cstackBANK0  004F
vfsfcnvrt@c                  cstackBANK0  005A
vfsfcnvrt@fmt                cstackBANK0  004E
vfsfcnvrt@fp                 cstackBANK0  004C
vfsfcnvrt@i                  cstackBANK0  0058
vfsfcnvrt@llu                cstackBANK0  0054
vfsfcnvrt@vp                 cstackBANK0  0053
wtemp0                       (abs)        007E
wtemp0a                      (abs)        007F


MODULE INFORMATION

Module		Function		Class		Link	Load	Size
servo.c
		_Servo1_Open   		CODE           	0B93	0000	25
		_Servo1_Init   		CODE           	0B35	0000	7
		_Servo1_Close  		CODE           	0B7A	0000	25
		_Servo2_Open   		CODE           	0BC5	0000	25
		_Servo2_Init   		CODE           	0B3C	0000	7
		_Servo2_Close  		CODE           	0BAC	0000	25

servo.c estimated size: 114

sensor.c
		_Sensor_ReadObstacle		CODE           	0B65	0000	9
		_Sensor_Init   		CODE           	0B2A	0000	5
		_Sensor_ReadIR 		CODE           	0B5C	0000	9

sensor.c estimated size: 23

D:\App\mplab\pic\sources\c99\common\strncmp.c
		_strncmp       		CODE           	0D79	0000	98

D:\App\mplab\pic\sources\c99\common\strncmp.c estimated size: 98

esp32_uart.c
		_UART_Read     		CODE           	0B43	0000	8
		_ESP32_UART_Update		CODE           	0E41	0000	116
		_ESP32_AllFull 		CODE           	0B21	0000	4
		_ESP32_UART_Init		CODE           	0BDE	0000	26
		_UART_DataReady		CODE           	0B2F	0000	6

esp32_uart.c estimated size: 160

D:\App\mplab\pic\sources\c99\common\doscan.c
		_vfsfcnvrt     		CODE           	0235	0000	486
		_atou          		CODE           	0575	0000	255
		_vfscanf       		CODE           	0EB5	0000	126
		_skipws        		CODE           	0CBA	0000	57

D:\App\mplab\pic\sources\c99\common\doscan.c estimated size: 924

D:\App\mplab\pic\sources\c99\common\__strtoxl.c
		___strtoxl     		CODE           	0029	0000	524

D:\App\mplab\pic\sources\c99\common\__strtoxl.c estimated size: 524

D:\App\mplab\pic\sources\c99\common\Umul32.c
		___lmul        		CODE           	0D2D	0000	76

D:\App\mplab\pic\sources\c99\common\Umul32.c estimated size: 76

rfid.c
		_RFID_ToCard   		CODE           	041B	0000	346
		_RFID_Write    		CODE           	0CF3	0000	58
		_RFID_Read     		CODE           	0C83	0000	55
		_RFID_Init     		CODE           	0767	0000	150
		_RFID_CheckCard		CODE           	0C1F	0000	46

rfid.c estimated size: 655

shared
		__stringtab    		STRING         	0800	0000	6
		__initialization		CODE           	000F	0000	22

shared estimated size: 28

D:\App\mplab\pic\sources\c99\common\nf_getc.c
		_fgetc         		CODE           	0F33	0000	205
		_ungetc        		CODE           	0DDB	0000	102

D:\App\mplab\pic\sources\c99\common\nf_getc.c estimated size: 307

D:\App\mplab\pic\sources\c99\common\nf_sscanf.c
		_sscanf        		CODE           	0C4D	0000	54

D:\App\mplab\pic\sources\c99\common\nf_sscanf.c estimated size: 54

main.c
		_ISR           		CODE           	0BF8	0000	39
		_main          		CODE           	0674	0000	243
		_Timer1_Init   		CODE           	0B6E	0000	12
		_Interrupts_Init		CODE           	0B53	0000	9

main.c estimated size: 303

D:\App\mplab\pic\sources\c99\common\getch.c
		_getch         		CODE           	0B25	0000	5

D:\App\mplab\pic\sources\c99\common\getch.c estimated size: 5

